[2026-05-11T21:05:02Z] task=T1 phase=start title="Scaffold src/smart_budget/"
[2026-05-11T21:06:00Z] task=T1 phase=red wrote_test=tests/unit/test_module_importable.py
[2026-05-11T21:06:15Z] task=T1 phase=red status=failing
[2026-05-11T21:06:15Z] task=T1 phase=green wrote_impl=src/smart_budget/__init__.py
[2026-05-11T21:06:42Z] task=T1 phase=green status=passing
[2026-05-11T21:06:42Z] task=T1 phase=refactor done=skipped
[2026-05-11T21:06:42Z] task=T1 phase=commit sha=5c0f579 message="feat(smart_budget): implement DATA-1136 T1 — scaffold src/smart_budget/ module"
[2026-05-11T21:06:42Z] task=T1 phase=done
[2026-05-11T21:06:47Z] task=T2 phase=start title="filters.py: filter_transactions()"
[2026-05-11T21:06:47Z] task=T2 phase=red wrote_test=tests/unit/test_filters.py
[2026-05-11T21:07:14Z] task=T2 phase=red status=failing
[2026-05-11T21:07:24Z] task=T4 phase=start title="Fixture tests/fixtures/fact_transactions_test.csv"
[2026-05-11T21:12:02Z] task=T2 phase=green wrote_impl=src/smart_budget/filters.py
[2026-05-11T21:12:44Z] task=T2 phase=green status=passing
[2026-05-11T21:12:44Z] task=T2 phase=refactor done=skipped
[2026-05-11T21:12:44Z] task=T2 phase=commit sha=96841da message="feat(smart_budget): implement DATA-1136 T2 — filter_transactions"
[2026-05-11T21:12:44Z] task=T2 phase=done
[2026-05-11T21:12:44Z] task=T4 phase=green wrote_impl=tests/fixtures/fact_transactions_test.csv
[2026-05-11T21:12:44Z] task=T4 phase=commit sha=96841da message="feat(smart_budget): fixture included in T2 commit"
[2026-05-11T21:12:44Z] task=T4 phase=done
[2026-05-11T21:12:50Z] task=T3 phase=start title="aggregator.py: full pipeline"
[2026-05-11T21:12:50Z] task=T3 phase=red wrote_test=tests/unit/test_aggregator.py
[2026-05-11T21:13:26Z] task=T3 phase=red status=failing
[2026-05-11T21:13:37Z] task=T3 phase=green wrote_impl=src/smart_budget/aggregator.py
[2026-05-11T21:16:23Z] task=T3 phase=green status=passing
[2026-05-11T21:16:23Z] task=T3 phase=refactor done=skipped
[2026-05-11T21:16:23Z] task=T3 phase=commit sha=a174e09 message="feat(smart_budget): implement DATA-1136 T3 — aggregator pipeline"
[2026-05-11T21:16:23Z] task=T3 phase=done
[2026-05-11T21:16:28Z] task=T5 phase=start title="scripts/run_smart_budget_prep.py CLI"
[2026-05-11T21:16:41Z] task=T5 phase=red status=skipped reason=glue-only
[2026-05-11T21:16:41Z] task=T5 phase=green wrote_impl=scripts/run_smart_budget_prep.py
[2026-05-11T21:17:37Z] task=T5 phase=green status=passing
[2026-05-11T21:17:37Z] task=T5 phase=commit sha=1edc1f7 message="feat(smart_budget): implement DATA-1136 T5 — CLI"
[2026-05-11T21:17:37Z] task=T5 phase=done
